******************************************************************************
                  TI ARM Linker PC v18.1.4                     
******************************************************************************
>> Linked Fri Sep  8 21:09:54 2023

OUTPUT FILE NAME:   <COM_Project.out>
ENTRY POINT SYMBOL: "_c_int00_noargs"  address: 00000eed


MEMORY CONFIGURATION

         name            origin    length      used     unused   attr    fill
----------------------  --------  ---------  --------  --------  ----  --------
  FLASH                 00000000   00040000  000013d4  0003ec2c  R  X
  SRAM                  20000000   00008000  0000048b  00007b75  RW X


SEGMENT ALLOCATION MAP

run origin  load origin   length   init length attrs members
----------  ----------- ---------- ----------- ----- -------
00000000    00000000    000013d8   000013d8    r-x
  00000000    00000000    0000026c   0000026c    r-- .intvecs
  0000026c    0000026c    00000e80   00000e80    r-x .text
  000010ec    000010ec    000002a8   000002a8    r-- .const
  00001398    00001398    00000040   00000040    r-- .cinit
20000000    20000000    0000048d   00000000    rw-
  20000000    20000000    0000026c   00000000    rw- .vtable
  2000026c    2000026c    00000002   00000000    rw- .data
  20000270    20000270    00000200   00000000    rw- .stack
  20000470    20000470    0000001d   00000000    rw- .bss


SECTION ALLOCATION MAP

 output                                  attributes/
section   page    origin      length       input sections
--------  ----  ----------  ----------   ----------------
.intvecs   0    00000000    0000026c     
                  00000000    0000026c     tm4c123gh6pm_startup_ccs.obj (.intvecs)

.text      0    0000026c    00000e80     
                  0000026c    00000390     COM_UART.obj (.text)
                  000005fc    000001c8     ChatPC.obj (.text)
                  000007c4    0000016c     driverlib.lib : gpio.obj (.text:GPIOPadConfigSet)
                  00000930    00000118                   : sysctl.obj (.text:SysCtlClockGet)
                  00000a48    000000e4     push_button.obj (.text)
                  00000b2c    000000a8     LED.obj (.text)
                  00000bd4    0000009c     rtsv7M4_T_le_v4SPD16_eabi.lib : memcpy_t2.asm.obj (.text)
                  00000c70    00000068     driverlib.lib : interrupt.obj (.text:IntEnable)
                  00000cd8    00000068     rtsv7M4_T_le_v4SPD16_eabi.lib : copy_decompress_lzss.c.obj (.text:decompress:lzss:__TI_decompress_lzss)
                  00000d40    00000058     driverlib.lib : gpio.obj (.text:GPIOIntTypeSet)
                  00000d98    0000004c                   : gpio.obj (.text:GPIOPinConfigure)
                  00000de4    00000046                   : uart.obj (.text:UARTConfigSetExpClk)
                  00000e2a    00000002     --HOLE-- [fill = 0]
                  00000e2c    00000044                   : gpio.obj (.text:_GPIOIntNumberGet)
                  00000e70    00000044     rtsv7M4_T_le_v4SPD16_eabi.lib : autoinit.c.obj (.text:__TI_auto_init_nobinit_nopinit:__TI_auto_init_nobinit_nopinit)
                  00000eb4    00000038     driverlib.lib : sysctl.obj (.text:SysCtlPeripheralReady)
                  00000eec    00000038     rtsv7M4_T_le_v4SPD16_eabi.lib : boot_cortex_m.c.obj (.text:_c_int00_noargs:_c_int00_noargs)
                  00000f24    00000034     driverlib.lib : interrupt.obj (.text:IntRegister)
                  00000f58    00000034                   : sysctl.obj (.text:SysCtlPeripheralEnable)
                  00000f8c    0000002c                   : gpio.obj (.text:GPIODirModeSet)
                  00000fb8    00000020                   : uart.obj (.text:UARTDisable)
                  00000fd8    0000001a                   : gpio.obj (.text:GPIOPinTypeGPIOOutput)
                  00000ff2    00000018                   : gpio.obj (.text:GPIOIntRegister)
                  0000100a    00000002     --HOLE-- [fill = 0]
                  0000100c    00000018                   : gpio.obj (.text:GPIOUnlockPin)
                  00001024    00000016                   : gpio.obj (.text:GPIOPinTypeGPIOInput)
                  0000103a    00000016                   : gpio.obj (.text:GPIOPinTypeUART)
                  00001050    00000014                   : uart.obj (.text:UARTEnable)
                  00001064    00000012     rtsv7M4_T_le_v4SPD16_eabi.lib : copy_zero_init.c.obj (.text:decompress:ZI:__TI_zero_init_nomemset:__TI_zero_init_nomemset)
                  00001076    0000000e     driverlib.lib : gpio.obj (.text:GPIOIntStatus)
                  00001084    0000000e                   : uart.obj (.text:UARTCharsAvail)
                  00001092    0000000e     rtsv7M4_T_le_v4SPD16_eabi.lib : copy_decompress_none.c.obj (.text:decompress:none:__TI_decompress_none)
                  000010a0    0000000c     driverlib.lib : gpio.obj (.text:GPIOIntEnable)
                  000010ac    0000000c     main.obj (.text)
                  000010b8    0000000c     tm4c123gh6pm_startup_ccs.obj (.text)
                  000010c4    0000000a     driverlib.lib : uart.obj (.text:UARTCharGet)
                  000010ce    0000000a                   : uart.obj (.text:UARTCharPut)
                  000010d8    00000006                   : gpio.obj (.text:GPIOIntClear)
                  000010de    00000006                   : gpio.obj (.text:GPIOPinWrite)
                  000010e4    00000004     rtsv7M4_T_le_v4SPD16_eabi.lib : pre_init.c.obj (.text:_system_pre_init)
                  000010e8    00000004                                   : exit.c.obj (.text:abort:abort)

.const     0    000010ec    000002a8     
                  000010ec    000000d8     driverlib.lib : gpio.obj (.const:g_ppui32GPIOIntMapSnowflake)
                  000011c4    000000c0                   : gpio.obj (.const:g_ppui32GPIOIntMapBlizzard)
                  00001284    00000090                   : gpio.obj (.const:g_pui32GPIOBaseAddrs)
                  00001314    0000006c                   : sysctl.obj (.const:g_pui32Xtals)
                  00001380    00000014                   : interrupt.obj (.const:g_pui32EnRegs)

.cinit     0    00001398    00000040     
                  00001398    0000000c     (__TI_handler_table)
                  000013a4    00000004     --HOLE-- [fill = 0]
                  000013a8    00000008     (.cinit..bss.load) [load image, compression = zero_init]
                  000013b0    00000008     (.cinit..vtable.load) [load image, compression = zero_init]
                  000013b8    00000006     (.cinit..data.load) [load image, compression = lzss]
                  000013be    00000002     --HOLE-- [fill = 0]
                  000013c0    00000018     (__TI_cinit_table)

.init_array 
*          0    00000000    00000000     UNINITIALIZED

.vtable    0    20000000    0000026c     UNINITIALIZED
                  20000000    0000026c     driverlib.lib : interrupt.obj (.vtable)

.data      0    2000026c    00000002     UNINITIALIZED
                  2000026c    00000002     ChatPC.obj (.data)

.bss       0    20000470    0000001d     UNINITIALIZED
                  20000470    00000014     (.common:GlobBufferUART)
                  20000484    00000004     (.common:pushButton1_Function)
                  20000488    00000004     (.common:pushButton2_Function)
                  2000048c    00000001     (.common:GlobUARTstate)

.stack     0    20000270    00000200     UNINITIALIZED
                  20000270    00000004     rtsv7M4_T_le_v4SPD16_eabi.lib : boot_cortex_m.c.obj (.stack)
                  20000274    000001fc     --HOLE--

MODULE SUMMARY

       Module                         code   ro data   rw data
       ------                         ----   -------   -------
    .\
       tm4c123gh6pm_startup_ccs.obj   12     620       0      
       main.obj                       12     0         0      
    +--+------------------------------+------+---------+---------+
       Total:                         24     620       0      
                                                              
    .\APP\ChatPC\SRC\
       ChatPC.obj                     456    0         11     
    +--+------------------------------+------+---------+---------+
       Total:                         456    0         11     
                                                              
    .\HAL\COM_UART\SRC\
       COM_UART.obj                   912    0         20     
    +--+------------------------------+------+---------+---------+
       Total:                         912    0         20     
                                                              
    .\HAL\LED\SRC\
       LED.obj                        168    0         0      
    +--+------------------------------+------+---------+---------+
       Total:                         168    0         0      
                                                              
    .\HAL\PushButton\SRC\
       push_button.obj                228    0         0      
    +--+------------------------------+------+---------+---------+
       Total:                         228    0         0      
                                                              
    C:/ti/TivaWare_C_Series-2.2.0.295/driverlib/ccs/Debug/driverlib.lib
       gpio.obj                       796    552       0      
       interrupt.obj                  156    20        620    
       sysctl.obj                     388    108       0      
       uart.obj                       156    0         0      
    +--+------------------------------+------+---------+---------+
       Total:                         1496   680       620    
                                                              
    C:\ti\ccsv8\tools\compiler\ti-cgt-arm_18.1.4.LTS\lib\rtsv7M4_T_le_v4SPD16_eabi.lib
       memcpy_t2.asm.obj              156    0         0      
       copy_decompress_lzss.c.obj     104    0         0      
       autoinit.c.obj                 68     0         0      
       boot_cortex_m.c.obj            56     0         0      
       copy_zero_init.c.obj           18     0         0      
       copy_decompress_none.c.obj     14     0         0      
       exit.c.obj                     4      0         0      
       pre_init.c.obj                 4      0         0      
    +--+------------------------------+------+---------+---------+
       Total:                         424    0         0      
                                                              
       Stack:                         0      0         512    
       Linker Generated:              0      58        0      
    +--+------------------------------+------+---------+---------+
       Grand Total:                   3708   1358      1163   


LINKER GENERATED COPY TABLES

__TI_cinit_table @ 000013c0 records: 3, size/record: 8, table size: 24
	.bss: load addr=000013a8, load size=00000008 bytes, run addr=20000470, run size=0000001d bytes, compression=zero_init
	.vtable: load addr=000013b0, load size=00000008 bytes, run addr=20000000, run size=0000026c bytes, compression=zero_init
	.data: load addr=000013b8, load size=00000006 bytes, run addr=2000026c, run size=00000002 bytes, compression=lzss


LINKER GENERATED HANDLER TABLE

__TI_handler_table @ 00001398 records: 3, size/record: 4, table size: 12
	index: 0, handler: __TI_zero_init
	index: 1, handler: __TI_decompress_lzss
	index: 2, handler: __TI_decompress_none


GLOBAL SYMBOLS: SORTED ALPHABETICALLY BY Name 

address   name                          
-------   ----                          
000010e9  C$$EXIT                       
000002ed  COM_UARTenuRecieveMSG         
000003f3  COM_UARTenuSendMSG            
000004d5  COM_UARTenuSendString         
000005c5  COM_UARTvidClearBuffer        
0000026d  COM_UARTvidInit               
00000615  ChatPC_vidCall                
000005fd  ChatPC_vidInit                
2000026c  CurrentState                  
00000f8d  GPIODirModeSet                
00000ab5  GPIOF_Handler                 
000010d9  GPIOIntClear                  
000010a1  GPIOIntEnable                 
00000ff3  GPIOIntRegister               
00001077  GPIOIntStatus                 
00000d41  GPIOIntTypeSet                
000007c5  GPIOPadConfigSet              
00000d99  GPIOPinConfigure              
00001025  GPIOPinTypeGPIOInput          
00000fd9  GPIOPinTypeGPIOOutput         
0000103b  GPIOPinTypeUART               
000010df  GPIOPinWrite                  
0000100d  GPIOUnlockPin                 
20000470  GlobBufferUART                
2000048c  GlobUARTstate                 
00000c71  IntEnable                     
00000f25  IntRegister                   
00000bbf  LEDvidAllLedOFF               
00000b2d  LEDvidInit                    
00000b7f  LEDvidOFF                     
00000b3f  LEDvidON                      
00000763  PB1_Function                  
00000783  PB2_Function                  
000010b9  ResetISR                      
00000931  SysCtlClockGet                
00000f59  SysCtlPeripheralEnable        
00000eb5  SysCtlPeripheralReady         
000010c5  UARTCharGet                   
000010cf  UARTCharPut                   
00001085  UARTCharsAvail                
00000de5  UARTConfigSetExpClk           
00000fb9  UARTDisable                   
00001051  UARTEnable                    
20000470  __STACK_END                   
00000200  __STACK_SIZE                  
20000470  __STACK_TOP                   
000013c0  __TI_CINIT_Base               
000013d8  __TI_CINIT_Limit              
00001398  __TI_Handler_Table_Base       
000013a4  __TI_Handler_Table_Limit      
00000e71  __TI_auto_init_nobinit_nopinit
00000cd9  __TI_decompress_lzss          
00001093  __TI_decompress_none          
ffffffff  __TI_pprof_out_hndl           
ffffffff  __TI_prof_data_size           
ffffffff  __TI_prof_data_start          
00000000  __TI_static_base__            
00001065  __TI_zero_init_nomemset       
00000bd5  __aeabi_memcpy                
00000bd5  __aeabi_memcpy4               
00000bd5  __aeabi_memcpy8               
ffffffff  __binit__                     
ffffffff  __c_args__                    
UNDEFED   __mpu_init                    
20000270  __stack                       
00000eed  _c_int00_noargs               
UNDEFED   _system_post_cinit            
000010e5  _system_pre_init              
000010e9  abort                         
ffffffff  binit                         
20000000  g_pfnRAMVectors               
00000000  g_pfnVectors                  
2000026d  keyPressed                    
000010ad  main                          
00000bd5  memcpy                        
20000484  pushButton1_Function          
20000488  pushButton2_Function          
00000af7  pushButton_CallBackFunction   
00000a49  pushButton_init               


GLOBAL SYMBOLS: SORTED BY Symbol Address 

address   name                          
-------   ----                          
00000000  __TI_static_base__            
00000000  g_pfnVectors                  
00000200  __STACK_SIZE                  
0000026d  COM_UARTvidInit               
000002ed  COM_UARTenuRecieveMSG         
000003f3  COM_UARTenuSendMSG            
000004d5  COM_UARTenuSendString         
000005c5  COM_UARTvidClearBuffer        
000005fd  ChatPC_vidInit                
00000615  ChatPC_vidCall                
00000763  PB1_Function                  
00000783  PB2_Function                  
000007c5  GPIOPadConfigSet              
00000931  SysCtlClockGet                
00000a49  pushButton_init               
00000ab5  GPIOF_Handler                 
00000af7  pushButton_CallBackFunction   
00000b2d  LEDvidInit                    
00000b3f  LEDvidON                      
00000b7f  LEDvidOFF                     
00000bbf  LEDvidAllLedOFF               
00000bd5  __aeabi_memcpy                
00000bd5  __aeabi_memcpy4               
00000bd5  __aeabi_memcpy8               
00000bd5  memcpy                        
00000c71  IntEnable                     
00000cd9  __TI_decompress_lzss          
00000d41  GPIOIntTypeSet                
00000d99  GPIOPinConfigure              
00000de5  UARTConfigSetExpClk           
00000e71  __TI_auto_init_nobinit_nopinit
00000eb5  SysCtlPeripheralReady         
00000eed  _c_int00_noargs               
00000f25  IntRegister                   
00000f59  SysCtlPeripheralEnable        
00000f8d  GPIODirModeSet                
00000fb9  UARTDisable                   
00000fd9  GPIOPinTypeGPIOOutput         
00000ff3  GPIOIntRegister               
0000100d  GPIOUnlockPin                 
00001025  GPIOPinTypeGPIOInput          
0000103b  GPIOPinTypeUART               
00001051  UARTEnable                    
00001065  __TI_zero_init_nomemset       
00001077  GPIOIntStatus                 
00001085  UARTCharsAvail                
00001093  __TI_decompress_none          
000010a1  GPIOIntEnable                 
000010ad  main                          
000010b9  ResetISR                      
000010c5  UARTCharGet                   
000010cf  UARTCharPut                   
000010d9  GPIOIntClear                  
000010df  GPIOPinWrite                  
000010e5  _system_pre_init              
000010e9  C$$EXIT                       
000010e9  abort                         
00001398  __TI_Handler_Table_Base       
000013a4  __TI_Handler_Table_Limit      
000013c0  __TI_CINIT_Base               
000013d8  __TI_CINIT_Limit              
20000000  g_pfnRAMVectors               
2000026c  CurrentState                  
2000026d  keyPressed                    
20000270  __stack                       
20000470  GlobBufferUART                
20000470  __STACK_END                   
20000470  __STACK_TOP                   
20000484  pushButton1_Function          
20000488  pushButton2_Function          
2000048c  GlobUARTstate                 
ffffffff  __TI_pprof_out_hndl           
ffffffff  __TI_prof_data_size           
ffffffff  __TI_prof_data_start          
ffffffff  __binit__                     
ffffffff  __c_args__                    
ffffffff  binit                         
UNDEFED   __mpu_init                    
UNDEFED   _system_post_cinit            

[79 symbols]
