******************************************************************************
                  TI ARM Linker PC v20.2.5                     
******************************************************************************
>> Linked Sun Aug 27 20:47:03 2023

OUTPUT FILE NAME:   <TimerEdge1.out>
ENTRY POINT SYMBOL: "_c_int00_noargs"  address: 00000edd


MEMORY CONFIGURATION

         name            origin    length      used     unused   attr    fill
----------------------  --------  ---------  --------  --------  ----  --------
  FLASH                 00000000   00040000  00000f9e  0003f062  R  X
  SRAM                  20000000   00008000  0000020d  00007df3  RW X


SEGMENT ALLOCATION MAP

run origin  load origin   length   init length attrs members
----------  ----------- ---------- ----------- ----- -------
00000000    00000000    00000fa0   00000fa0    r-x
  00000000    00000000    0000026c   0000026c    r-- .intvecs
  0000026c    0000026c    00000d02   00000d02    r-x .text
  00000f70    00000f70    00000030   00000030    r-- .cinit
20000000    20000000    0000020d   00000000    rw-
  20000000    20000000    00000200   00000000    rw- .stack
  20000200    20000200    00000008   00000000    rw- .bss
  20000208    20000208    00000005   00000000    rw- .data


SECTION ALLOCATION MAP

 output                                  attributes/
section   page    origin      length       input sections
--------  ----  ----------  ----------   ----------------
.intvecs   0    00000000    0000026c     
                  00000000    0000026c     tm4c123gh6pm_startup_ccs.obj (.intvecs)

.text      0    0000026c    00000d02     
                  0000026c    00000714     DIO.obj (.text)
                  00000980    000002a8     main.obj (.text)
                  00000c28    000000fc     rtsv7M4_T_le_v4SPD16_eabi.lib : fd_mul_t2.asm.obj (.text)
                  00000d24    0000009c                                   : memcpy_t2.asm.obj (.text)
                  00000dc0    0000006e                                   : fd_tos_t2.asm.obj (.text)
                  00000e2e    00000068                                   : copy_decompress_lzss.c.obj (.text:decompress:lzss:__TI_decompress_lzss)
                  00000e96    00000002     --HOLE-- [fill = 0]
                  00000e98    00000044                                   : autoinit.c.obj (.text:__TI_auto_init_nobinit_nopinit:__TI_auto_init_nobinit_nopinit)
                  00000edc    00000034                                   : boot_cortex_m.c.obj (.text:_c_int00_noargs:_c_int00_noargs)
                  00000f10    00000020                                   : u_tofd_t2.asm.obj (.text)
                  00000f30    0000001c                                   : copy_zero_init.c.obj (.text:decompress:ZI:__TI_zero_init_nomemset:__TI_zero_init_nomemset)
                  00000f4c    0000000e                                   : copy_decompress_none.c.obj (.text:decompress:none:__TI_decompress_none)
                  00000f5a    0000000c     tm4c123gh6pm_startup_ccs.obj (.text)
                  00000f66    00000004     rtsv7M4_T_le_v4SPD16_eabi.lib : pre_init.c.obj (.text:_system_pre_init)
                  00000f6a    00000004                                   : exit.c.obj (.text:abort:abort)

.cinit     0    00000f70    00000030     
                  00000f70    0000000c     (__TI_handler_table)
                  00000f7c    00000004     --HOLE-- [fill = 0]
                  00000f80    00000008     (.cinit..bss.load) [load image, compression = zero_init]
                  00000f88    00000007     (.cinit..data.load) [load image, compression = lzss]
                  00000f8f    00000001     --HOLE-- [fill = 0]
                  00000f90    00000010     (__TI_cinit_table)

.init_array 
*          0    00000000    00000000     UNINITIALIZED

.bss       0    20000200    00000008     UNINITIALIZED
                  20000200    00000004     (.common:LastEdge)
                  20000204    00000004     (.common:ThisEdge)

.data      0    20000208    00000005     UNINITIALIZED
                  20000208    00000005     main.obj (.data)

.stack     0    20000000    00000200     UNINITIALIZED
                  20000000    00000004     rtsv7M4_T_le_v4SPD16_eabi.lib : boot_cortex_m.c.obj (.stack)
                  20000004    000001fc     --HOLE--

__llvm_prf_cnts 
*          0    20000000    00000000     UNINITIALIZED

MODULE SUMMARY

       Module                         code   ro data   rw data
       ------                         ----   -------   -------
    .\
       DIO.obj                        1812   0         0      
       main.obj                       680    0         13     
       tm4c123gh6pm_startup_ccs.obj   12     620       0      
    +--+------------------------------+------+---------+---------+
       Total:                         2504   620       13     
                                                              
    C:\ti\ccs1120\ccs\tools\compiler\ti-cgt-arm_20.2.5.LTS\lib\rtsv7M4_T_le_v4SPD16_eabi.lib
       fd_mul_t2.asm.obj              252    0         0      
       memcpy_t2.asm.obj              156    0         0      
       fd_tos_t2.asm.obj              110    0         0      
       copy_decompress_lzss.c.obj     104    0         0      
       autoinit.c.obj                 68     0         0      
       boot_cortex_m.c.obj            52     0         0      
       u_tofd_t2.asm.obj              32     0         0      
       copy_zero_init.c.obj           28     0         0      
       copy_decompress_none.c.obj     14     0         0      
       exit.c.obj                     4      0         0      
       pre_init.c.obj                 4      0         0      
    +--+------------------------------+------+---------+---------+
       Total:                         824    0         0      
                                                              
       Stack:                         0      0         512    
       Linker Generated:              0      43        0      
    +--+------------------------------+------+---------+---------+
       Grand Total:                   3328   663       525    


LINKER GENERATED COPY TABLES

__TI_cinit_table @ 00000f90 records: 2, size/record: 8, table size: 16
	.bss: load addr=00000f80, load size=00000008 bytes, run addr=20000200, run size=00000008 bytes, compression=zero_init
	.data: load addr=00000f88, load size=00000007 bytes, run addr=20000208, run size=00000005 bytes, compression=lzss


LINKER GENERATED HANDLER TABLE

__TI_handler_table @ 00000f70 records: 3, size/record: 4, table size: 12
	index: 0, handler: __TI_decompress_lzss
	index: 1, handler: __TI_decompress_none
	index: 2, handler: __TI_zero_init


GLOBAL SYMBOLS: SORTED ALPHABETICALLY BY Name 

address   name                          
-------   ----                          
00000f6b  C$$EXIT                       
0000026d  DIO_Init                      
000002c5  DIO_Write_Pin                 
00000525  DIO_configurePin              
0000044f  DIO_readPin                   
2000020c  IEV_flag                      
00000981  InputEdge_INIT                
20000200  LastEdge                      
00000f5b  ResetISR                      
20000204  ThisEdge                      
00000a51  Wide_Timer_0A_Capture_Handler 
20000200  __STACK_END                   
00000200  __STACK_SIZE                  
20000200  __STACK_TOP                   
00000f90  __TI_CINIT_Base               
00000fa0  __TI_CINIT_Limit              
00000f70  __TI_Handler_Table_Base       
00000f7c  __TI_Handler_Table_Limit      
00000e99  __TI_auto_init_nobinit_nopinit
00000e2f  __TI_decompress_lzss          
00000f4d  __TI_decompress_none          
ffffffff  __TI_pprof_out_hndl           
ffffffff  __TI_prof_data_size           
ffffffff  __TI_prof_data_start          
00000000  __TI_static_base__            
00000f31  __TI_zero_init_nomemset       
00000dc1  __aeabi_d2f                   
00000c29  __aeabi_dmul                  
00000d25  __aeabi_memcpy                
00000d25  __aeabi_memcpy4               
00000d25  __aeabi_memcpy8               
00000f11  __aeabi_ui2d                  
ffffffff  __binit__                     
ffffffff  __c_args__                    
UNDEFED   __mpu_init                    
20000000  __stack                       
20000000  __start___llvm_prf_cnts       
20000000  __stop___llvm_prf_cnts        
00000edd  _c_int00_noargs               
UNDEFED   _system_post_cinit            
00000f67  _system_pre_init              
00000f6b  abort                         
ffffffff  binit                         
00000000  g_pfnVectors                  
00000bb7  main                          
00000d25  memcpy                        
20000208  tick                          


GLOBAL SYMBOLS: SORTED BY Symbol Address 

address   name                          
-------   ----                          
00000000  __TI_static_base__            
00000000  g_pfnVectors                  
00000200  __STACK_SIZE                  
0000026d  DIO_Init                      
000002c5  DIO_Write_Pin                 
0000044f  DIO_readPin                   
00000525  DIO_configurePin              
00000981  InputEdge_INIT                
00000a51  Wide_Timer_0A_Capture_Handler 
00000bb7  main                          
00000c29  __aeabi_dmul                  
00000d25  __aeabi_memcpy                
00000d25  __aeabi_memcpy4               
00000d25  __aeabi_memcpy8               
00000d25  memcpy                        
00000dc1  __aeabi_d2f                   
00000e2f  __TI_decompress_lzss          
00000e99  __TI_auto_init_nobinit_nopinit
00000edd  _c_int00_noargs               
00000f11  __aeabi_ui2d                  
00000f31  __TI_zero_init_nomemset       
00000f4d  __TI_decompress_none          
00000f5b  ResetISR                      
00000f67  _system_pre_init              
00000f6b  C$$EXIT                       
00000f6b  abort                         
00000f70  __TI_Handler_Table_Base       
00000f7c  __TI_Handler_Table_Limit      
00000f90  __TI_CINIT_Base               
00000fa0  __TI_CINIT_Limit              
20000000  __stack                       
20000000  __start___llvm_prf_cnts       
20000000  __stop___llvm_prf_cnts        
20000200  LastEdge                      
20000200  __STACK_END                   
20000200  __STACK_TOP                   
20000204  ThisEdge                      
20000208  tick                          
2000020c  IEV_flag                      
ffffffff  __TI_pprof_out_hndl           
ffffffff  __TI_prof_data_size           
ffffffff  __TI_prof_data_start          
ffffffff  __binit__                     
ffffffff  __c_args__                    
ffffffff  binit                         
UNDEFED   __mpu_init                    
UNDEFED   _system_post_cinit            

[47 symbols]
