******************************************************************************
                  TI ARM Linker PC v20.2.5                     
******************************************************************************
>> Linked Sun Aug 27 10:58:26 2023

OUTPUT FILE NAME:   <Timer_Ex.out>
ENTRY POINT SYMBOL: "_c_int00_noargs"  address: 00000c21


MEMORY CONFIGURATION

         name            origin    length      used     unused   attr    fill
----------------------  --------  ---------  --------  --------  ----  --------
  FLASH                 00000000   00040000  00000c9e  0003f362  R  X
  SRAM                  20000000   00008000  00000204  00007dfc  RW X


SEGMENT ALLOCATION MAP

run origin  load origin   length   init length attrs members
----------  ----------- ---------- ----------- ----- -------
00000000    00000000    00000ca0   00000ca0    r-x
  00000000    00000000    0000026c   0000026c    r-- .intvecs
  0000026c    0000026c    00000a12   00000a12    r-x .text
  00000c80    00000c80    00000008   00000008    r-- .const
  00000c88    00000c88    00000018   00000018    r-- .cinit
20000000    20000000    00000204   00000000    rw-
  20000000    20000000    00000200   00000000    rw- .stack
  20000200    20000200    00000004   00000000    rw- .data


SECTION ALLOCATION MAP

 output                                  attributes/
section   page    origin      length       input sections
--------  ----  ----------  ----------   ----------------
.intvecs   0    00000000    0000026c     
                  00000000    0000026c     tm4c123gh6pm_startup_ccs.obj (.intvecs)

.text      0    0000026c    00000a12     
                  0000026c    00000728     gpio.obj (.text)
                  00000994    000000dc     timer.obj (.text)
                  00000a70    0000009c     rtsv7M4_T_le_v4SPD16_eabi.lib : memcpy_t2.asm.obj (.text)
                  00000b0c    00000068     blink_led.obj (.text)
                  00000b74    00000068     rtsv7M4_T_le_v4SPD16_eabi.lib : copy_decompress_lzss.c.obj (.text:decompress:lzss:__TI_decompress_lzss)
                  00000bdc    00000044                                   : autoinit.c.obj (.text:__TI_auto_init_nobinit_nopinit:__TI_auto_init_nobinit_nopinit)
                  00000c20    00000034                                   : boot_cortex_m.c.obj (.text:_c_int00_noargs:_c_int00_noargs)
                  00000c54    0000000e                                   : copy_decompress_none.c.obj (.text:decompress:none:__TI_decompress_none)
                  00000c62    0000000c     tm4c123gh6pm_startup_ccs.obj (.text)
                  00000c6e    00000008     main.obj (.text)
                  00000c76    00000004     rtsv7M4_T_le_v4SPD16_eabi.lib : pre_init.c.obj (.text:_system_pre_init)
                  00000c7a    00000004                                   : exit.c.obj (.text:abort:abort)

.const     0    00000c80    00000008     
                  00000c80    00000008     blink_led.obj (.const:$P$T0$1)

.cinit     0    00000c88    00000018     
                  00000c88    00000008     (__TI_handler_table)
                  00000c90    00000007     (.cinit..data.load) [load image, compression = lzss]
                  00000c97    00000001     --HOLE-- [fill = 0]
                  00000c98    00000008     (__TI_cinit_table)

.init_array 
*          0    00000000    00000000     UNINITIALIZED

.data      0    20000200    00000004     UNINITIALIZED
                  20000200    00000004     timer.obj (.data)

.stack     0    20000000    00000200     UNINITIALIZED
                  20000000    00000004     rtsv7M4_T_le_v4SPD16_eabi.lib : boot_cortex_m.c.obj (.stack)
                  20000004    000001fc     --HOLE--

__llvm_prf_cnts 
*          0    20000000    00000000     UNINITIALIZED

MODULE SUMMARY

       Module                         code   ro data   rw data
       ------                         ----   -------   -------
    .\
       tm4c123gh6pm_startup_ccs.obj   12     620       0      
       main.obj                       8      0         0      
    +--+------------------------------+------+---------+---------+
       Total:                         20     620       0      
                                                              
    .\APP\
       blink_led.obj                  104    8         0      
    +--+------------------------------+------+---------+---------+
       Total:                         104    8         0      
                                                              
    .\MCAL\
       gpio.obj                       1832   0         0      
       timer.obj                      220    0         4      
    +--+------------------------------+------+---------+---------+
       Total:                         2052   0         4      
                                                              
    C:\ti\ccs1120\ccs\tools\compiler\ti-cgt-arm_20.2.5.LTS\lib\rtsv7M4_T_le_v4SPD16_eabi.lib
       memcpy_t2.asm.obj              156    0         0      
       copy_decompress_lzss.c.obj     104    0         0      
       autoinit.c.obj                 68     0         0      
       boot_cortex_m.c.obj            52     0         0      
       copy_decompress_none.c.obj     14     0         0      
       exit.c.obj                     4      0         0      
       pre_init.c.obj                 4      0         0      
    +--+------------------------------+------+---------+---------+
       Total:                         402    0         0      
                                                              
       Stack:                         0      0         512    
       Linker Generated:              0      23        0      
    +--+------------------------------+------+---------+---------+
       Grand Total:                   2578   651       516    


LINKER GENERATED COPY TABLES

__TI_cinit_table @ 00000c98 records: 1, size/record: 8, table size: 8
	.data: load addr=00000c90, load size=00000007 bytes, run addr=20000200, run size=00000004 bytes, compression=lzss


LINKER GENERATED HANDLER TABLE

__TI_handler_table @ 00000c88 records: 2, size/record: 4, table size: 8
	index: 0, handler: __TI_decompress_lzss
	index: 1, handler: __TI_decompress_none


GLOBAL SYMBOLS: SORTED ALPHABETICALLY BY Name 

address   name                          
-------   ----                          
00000b2d  Blink_LED                     
00000c7b  C$$EXIT                       
0000026d  GPIO_Init                     
00000699  GPIO_readPin                  
000008d1  GPIO_readPort                 
000002ad  GPIO_setupPinDirection        
000007b1  GPIO_setupPortDirection       
00000515  GPIO_writePin                 
00000849  GPIO_writePort                
00000995  GPTM_init                     
00000a1d  GPTM_setCallBack              
00000c63  ResetISR                      
00000b0d  TOGGle_LED                    
00000a2d  Timer0_Handler                
20000200  __STACK_END                   
00000200  __STACK_SIZE                  
20000200  __STACK_TOP                   
00000c98  __TI_CINIT_Base               
00000ca0  __TI_CINIT_Limit              
00000c88  __TI_Handler_Table_Base       
00000c90  __TI_Handler_Table_Limit      
00000bdd  __TI_auto_init_nobinit_nopinit
00000b75  __TI_decompress_lzss          
00000c55  __TI_decompress_none          
ffffffff  __TI_pprof_out_hndl           
ffffffff  __TI_prof_data_size           
ffffffff  __TI_prof_data_start          
00000000  __TI_static_base__            
00000a71  __aeabi_memcpy                
00000a71  __aeabi_memcpy4               
00000a71  __aeabi_memcpy8               
ffffffff  __binit__                     
ffffffff  __c_args__                    
UNDEFED   __mpu_init                    
20000000  __stack                       
20000000  __start___llvm_prf_cnts       
20000000  __stop___llvm_prf_cnts        
00000c21  _c_int00_noargs               
UNDEFED   _system_post_cinit            
00000c77  _system_pre_init              
00000c7b  abort                         
ffffffff  binit                         
00000000  g_pfnVectors                  
00000c6f  main                          
00000a71  memcpy                        


GLOBAL SYMBOLS: SORTED BY Symbol Address 

address   name                          
-------   ----                          
00000000  __TI_static_base__            
00000000  g_pfnVectors                  
00000200  __STACK_SIZE                  
0000026d  GPIO_Init                     
000002ad  GPIO_setupPinDirection        
00000515  GPIO_writePin                 
00000699  GPIO_readPin                  
000007b1  GPIO_setupPortDirection       
00000849  GPIO_writePort                
000008d1  GPIO_readPort                 
00000995  GPTM_init                     
00000a1d  GPTM_setCallBack              
00000a2d  Timer0_Handler                
00000a71  __aeabi_memcpy                
00000a71  __aeabi_memcpy4               
00000a71  __aeabi_memcpy8               
00000a71  memcpy                        
00000b0d  TOGGle_LED                    
00000b2d  Blink_LED                     
00000b75  __TI_decompress_lzss          
00000bdd  __TI_auto_init_nobinit_nopinit
00000c21  _c_int00_noargs               
00000c55  __TI_decompress_none          
00000c63  ResetISR                      
00000c6f  main                          
00000c77  _system_pre_init              
00000c7b  C$$EXIT                       
00000c7b  abort                         
00000c88  __TI_Handler_Table_Base       
00000c90  __TI_Handler_Table_Limit      
00000c98  __TI_CINIT_Base               
00000ca0  __TI_CINIT_Limit              
20000000  __stack                       
20000000  __start___llvm_prf_cnts       
20000000  __stop___llvm_prf_cnts        
20000200  __STACK_END                   
20000200  __STACK_TOP                   
ffffffff  __TI_pprof_out_hndl           
ffffffff  __TI_prof_data_size           
ffffffff  __TI_prof_data_start          
ffffffff  __binit__                     
ffffffff  __c_args__                    
ffffffff  binit                         
UNDEFED   __mpu_init                    
UNDEFED   _system_post_cinit            

[45 symbols]
