******************************************************************************
                  TI ARM Linker PC v20.2.7                     
******************************************************************************
>> Linked Mon Aug 28 00:21:18 2023

OUTPUT FILE NAME:   <Stopwatch.out>
ENTRY POINT SYMBOL: "_c_int00_noargs"  address: 0000172d


MEMORY CONFIGURATION

         name            origin    length      used     unused   attr    fill
----------------------  --------  ---------  --------  --------  ----  --------
  FLASH                 00000000   00040000  000017fe  0003e802  R  X
  SRAM                  20000000   00008000  0000024f  00007db1  RW X


SEGMENT ALLOCATION MAP

run origin  load origin   length   init length attrs members
----------  ----------- ---------- ----------- ----- -------
00000000    00000000    00001800   00001800    r-x
  00000000    00000000    0000026c   0000026c    r-- .intvecs
  0000026c    0000026c    00001532   00001532    r-x .text
  000017a0    000017a0    00000060   00000060    r-- .cinit
20000000    20000000    00000252   00000000    rw-
  20000000    20000000    00000200   00000000    rw- .stack
  20000200    20000200    00000031   00000000    rw- .data
  20000234    20000234    0000001e   00000000    rw- .bss


SECTION ALLOCATION MAP

 output                                  attributes/
section   page    origin      length       input sections
--------  ----  ----------  ----------   ----------------
.intvecs   0    00000000    0000026c     
                  00000000    0000026c     tm4c123gh6pm_startup_ccs.obj (.intvecs)

.text      0    0000026c    00001532     
                  0000026c    000009fc     DIO.obj (.text)
                  00000c68    000003dc     Keypad.obj (.text)
                  00001044    000002dc     LCD.obj (.text)
                  00001320    000001b8     Stopwatch.obj (.text)
                  000014d8    000000a8     SYSTICK.obj (.text)
                  00001580    0000009c     rtsv7M4_T_le_v4SPD16_eabi.lib : memcpy_t2.asm.obj (.text)
                  0000161c    00000068                                   : copy_decompress_lzss.c.obj (.text:decompress:lzss:__TI_decompress_lzss)
                  00001684    00000064     main.obj (.text)
                  000016e8    00000044     rtsv7M4_T_le_v4SPD16_eabi.lib : autoinit.c.obj (.text:__TI_auto_init_nobinit_nopinit:__TI_auto_init_nobinit_nopinit)
                  0000172c    00000034                                   : boot_cortex_m.c.obj (.text:_c_int00_noargs:_c_int00_noargs)
                  00001760    0000001c                                   : copy_zero_init.c.obj (.text:decompress:ZI:__TI_zero_init_nomemset:__TI_zero_init_nomemset)
                  0000177c    0000000e                                   : copy_decompress_none.c.obj (.text:decompress:none:__TI_decompress_none)
                  0000178a    0000000c     tm4c123gh6pm_startup_ccs.obj (.text)
                  00001796    00000004     rtsv7M4_T_le_v4SPD16_eabi.lib : pre_init.c.obj (.text:_system_pre_init)
                  0000179a    00000004                                   : exit.c.obj (.text:abort:abort)

.cinit     0    000017a0    00000060     
                  000017a0    00000039     (.cinit..data.load) [load image]
                  000017d9    00000003     --HOLE-- [fill = 0]
                  000017dc    0000000c     (__TI_handler_table)
                  000017e8    00000008     (.cinit..bss.load) [load image, compression = zero_init]
                  000017f0    00000010     (__TI_cinit_table)

.init_array 
*          0    00000000    00000000     UNINITIALIZED

.data      0    20000200    00000031     UNINITIALIZED
                  20000200    00000020     LCD.obj (.data:positions)
                  20000220    00000010     Keypad.obj (.data:keypad_buttons)
                  20000230    00000001     Keypad.obj (.data)

.bss       0    20000234    0000001e     UNINITIALIZED
                  20000234    00000018     (.common:stopwatch)
                  2000024c    00000004     (.common:ptr_fun)
                  20000250    00000001     (.common:lap_flag)
                  20000251    00000001     (.common:start_flag)

.stack     0    20000000    00000200     UNINITIALIZED
                  20000000    00000004     rtsv7M4_T_le_v4SPD16_eabi.lib : boot_cortex_m.c.obj (.stack)
                  20000004    000001fc     --HOLE--

__llvm_prf_cnts 
*          0    20000000    00000000     UNINITIALIZED

MODULE SUMMARY

       Module                         code   ro data   rw data
       ------                         ----   -------   -------
    .\
       tm4c123gh6pm_startup_ccs.obj   12     620       0      
       main.obj                       100    0         0      
    +--+------------------------------+------+---------+---------+
       Total:                         112    620       0      
                                                              
    .\APP\
       Stopwatch.obj                  440    0         26     
    +--+------------------------------+------+---------+---------+
       Total:                         440    0         26     
                                                              
    .\HAL\
       Keypad.obj                     988    0         17     
       LCD.obj                        732    0         32     
    +--+------------------------------+------+---------+---------+
       Total:                         1720   0         49     
                                                              
    .\MCAL\
       DIO.obj                        2556   0         4      
       SYSTICK.obj                    168    0         0      
    +--+------------------------------+------+---------+---------+
       Total:                         2724   0         4      
                                                              
    C:\ti\ccs1230\ccs\tools\compiler\ti-cgt-arm_20.2.7.LTS\lib\rtsv7M4_T_le_v4SPD16_eabi.lib
       memcpy_t2.asm.obj              156    0         0      
       copy_decompress_lzss.c.obj     104    0         0      
       autoinit.c.obj                 68     0         0      
       boot_cortex_m.c.obj            52     0         0      
       copy_zero_init.c.obj           28     0         0      
       copy_decompress_none.c.obj     14     0         0      
       exit.c.obj                     4      0         0      
       pre_init.c.obj                 4      0         0      
    +--+------------------------------+------+---------+---------+
       Total:                         430    0         0      
                                                              
       Stack:                         0      0         512    
       Linker Generated:              0      93        0      
    +--+------------------------------+------+---------+---------+
       Grand Total:                   5426   713       591    


LINKER GENERATED COPY TABLES

__TI_cinit_table @ 000017f0 records: 2, size/record: 8, table size: 16
	.data: load addr=000017a0, load size=00000039 bytes, run addr=20000200, run size=00000031 bytes, compression=copy
	.bss: load addr=000017e8, load size=00000008 bytes, run addr=20000234, run size=0000001e bytes, compression=zero_init


LINKER GENERATED HANDLER TABLE

__TI_handler_table @ 000017dc records: 3, size/record: 4, table size: 12
	index: 0, handler: __TI_decompress_lzss
	index: 1, handler: __TI_decompress_none
	index: 2, handler: __TI_zero_init


GLOBAL SYMBOLS: SORTED ALPHABETICALLY BY Name 

address   name                          
-------   ----                          
0000179b  C$$EXIT                       
00000a09  DIO_EnableInterrupt           
000004b7  DIO_ReadPin                   
00000575  DIO_ReadPort                  
00000bf5  DIO_SetInterruptCallback      
0000060d  DIO_SetPinDirection           
000007cf  DIO_SetPortDirection          
00000871  DIO_SetResistorMode           
0000044b  DIO_WritePORT                 
000002d9  DIO_WritePin                  
0000026d  DIO_init                      
00000c05  GPIOA_Handler                 
00000cd9  Keypad_CheckButton            
00000d83  Keypad_InterruptButton        
00000c69  Keypad_init                   
00001275  LCD_ClearScreen               
00001171  LCD_GoTo                      
00001045  LCD_Init                      
000010af  LCD_WriteChar                 
000012a3  LCD_WriteData                 
00001195  LCD_WriteFloatNumber          
000012df  LCD_WriteInstruction          
000010bf  LCD_WriteNumber               
00001089  LCD_WriteString               
0000178b  ResetISR                      
000014d9  SYSTICK_delayMS               
00001515  SYSTICK_delaySEC              
00001553  SYSTICK_setInterruptCallback  
00001541  SYSTICK_stopCounter           
000013c3  StopwatchCount                
00001321  StopwatchInit                 
0000142d  Stopwatch_Lap1                
0000146d  Stopwatch_Lap2                
00001563  Systick_Handler               
20000200  __STACK_END                   
00000200  __STACK_SIZE                  
20000200  __STACK_TOP                   
000017f0  __TI_CINIT_Base               
00001800  __TI_CINIT_Limit              
000017dc  __TI_Handler_Table_Base       
000017e8  __TI_Handler_Table_Limit      
000016e9  __TI_auto_init_nobinit_nopinit
0000161d  __TI_decompress_lzss          
0000177d  __TI_decompress_none          
ffffffff  __TI_pprof_out_hndl           
ffffffff  __TI_prof_data_size           
ffffffff  __TI_prof_data_start          
00000000  __TI_static_base__            
00001761  __TI_zero_init_nomemset       
00001581  __aeabi_memcpy                
00001581  __aeabi_memcpy4               
00001581  __aeabi_memcpy8               
ffffffff  __binit__                     
ffffffff  __c_args__                    
UNDEFED   __mpu_init                    
20000000  __stack                       
20000000  __start___llvm_prf_cnts       
20000000  __stop___llvm_prf_cnts        
0000172d  _c_int00_noargs               
UNDEFED   _system_post_cinit            
00001797  _system_pre_init              
0000179b  abort                         
ffffffff  binit                         
00000000  g_pfnVectors                  
20000230  key                           
20000220  keypad_buttons                
20000250  lap_flag                      
00001685  main                          
00001581  memcpy                        
20000200  positions                     
2000024c  ptr_fun                       
20000251  start_flag                    
20000234  stopwatch                     


GLOBAL SYMBOLS: SORTED BY Symbol Address 

address   name                          
-------   ----                          
00000000  __TI_static_base__            
00000000  g_pfnVectors                  
00000200  __STACK_SIZE                  
0000026d  DIO_init                      
000002d9  DIO_WritePin                  
0000044b  DIO_WritePORT                 
000004b7  DIO_ReadPin                   
00000575  DIO_ReadPort                  
0000060d  DIO_SetPinDirection           
000007cf  DIO_SetPortDirection          
00000871  DIO_SetResistorMode           
00000a09  DIO_EnableInterrupt           
00000bf5  DIO_SetInterruptCallback      
00000c05  GPIOA_Handler                 
00000c69  Keypad_init                   
00000cd9  Keypad_CheckButton            
00000d83  Keypad_InterruptButton        
00001045  LCD_Init                      
00001089  LCD_WriteString               
000010af  LCD_WriteChar                 
000010bf  LCD_WriteNumber               
00001171  LCD_GoTo                      
00001195  LCD_WriteFloatNumber          
00001275  LCD_ClearScreen               
000012a3  LCD_WriteData                 
000012df  LCD_WriteInstruction          
00001321  StopwatchInit                 
000013c3  StopwatchCount                
0000142d  Stopwatch_Lap1                
0000146d  Stopwatch_Lap2                
000014d9  SYSTICK_delayMS               
00001515  SYSTICK_delaySEC              
00001541  SYSTICK_stopCounter           
00001553  SYSTICK_setInterruptCallback  
00001563  Systick_Handler               
00001581  __aeabi_memcpy                
00001581  __aeabi_memcpy4               
00001581  __aeabi_memcpy8               
00001581  memcpy                        
0000161d  __TI_decompress_lzss          
00001685  main                          
000016e9  __TI_auto_init_nobinit_nopinit
0000172d  _c_int00_noargs               
00001761  __TI_zero_init_nomemset       
0000177d  __TI_decompress_none          
0000178b  ResetISR                      
00001797  _system_pre_init              
0000179b  C$$EXIT                       
0000179b  abort                         
000017dc  __TI_Handler_Table_Base       
000017e8  __TI_Handler_Table_Limit      
000017f0  __TI_CINIT_Base               
00001800  __TI_CINIT_Limit              
20000000  __stack                       
20000000  __start___llvm_prf_cnts       
20000000  __stop___llvm_prf_cnts        
20000200  __STACK_END                   
20000200  __STACK_TOP                   
20000200  positions                     
20000220  keypad_buttons                
20000230  key                           
20000234  stopwatch                     
2000024c  ptr_fun                       
20000250  lap_flag                      
20000251  start_flag                    
ffffffff  __TI_pprof_out_hndl           
ffffffff  __TI_prof_data_size           
ffffffff  __TI_prof_data_start          
ffffffff  __binit__                     
ffffffff  __c_args__                    
ffffffff  binit                         
UNDEFED   __mpu_init                    
UNDEFED   _system_post_cinit            

[73 symbols]
